ARM GAS  /tmp/ccsJ2UrX.s 			page 1


   1              		.syntax unified
   2              		.cpu cortex-m4
   3              		.eabi_attribute 27, 3	@ Tag_ABI_HardFP_use
   4              		.eabi_attribute 28, 1	@ Tag_ABI_VFP_args
   5              		.fpu fpv4-sp-d16
   6              		.eabi_attribute 20, 1	@ Tag_ABI_FP_denormal
   7              		.eabi_attribute 21, 1	@ Tag_ABI_FP_exceptions
   8              		.eabi_attribute 23, 3	@ Tag_ABI_FP_number_model
   9              		.eabi_attribute 24, 1	@ Tag_ABI_align8_needed
  10              		.eabi_attribute 25, 1	@ Tag_ABI_align8_preserved
  11              		.eabi_attribute 26, 1	@ Tag_ABI_enum_size
  12              		.eabi_attribute 30, 4	@ Tag_ABI_optimization_goals
  13              		.eabi_attribute 34, 1	@ Tag_CPU_unaligned_access
  14              		.eabi_attribute 18, 4	@ Tag_ABI_PCS_wchar_t
  15              		.file	"stm32f4xx_it.c"
  16              	@ GNU C (GNU Tools for ARM Embedded Processors) version 4.7.4 20130913 (release) [ARM/embedded-4_7-
  17              	@	compiled by GNU C version 4.7.3, GMP version 5.0.5, MPFR version 3.1.1-p2, MPC version 0.9
  18              	@ GGC heuristics: --param ggc-min-expand=100 --param ggc-min-heapsize=131072
  19              	@ options passed:  -I . -I ../ -I cmsis/ -imultilib armv7e-m/fpu
  20              	@ -iprefix /usr/bin/../lib/gcc/arm-none-eabi/4.7.4/
  21              	@ -isysroot /usr/bin/../arm-none-eabi -MD stm32f4xx_it.d
  22              	@ -MF .dep/stm32f4xx_it.o.d -MP -MQ stm32f4xx_it.o -D__USES_INITFINI__
  23              	@ -D __FPU_USED=1 -D __arm__ -D __ASSEMBLY__ -D USE_STDPERIPH_DRIVER
  24              	@ -D STM32F4XX -D HSE_VALUE=8000000 -D __FPU_PRESENT=1 -D __FPU_USED=1
  25              	@ -D STM32F405VG -D USE_USB_OTG_FS -D RUN_FROM_FLASH=1 stm32f4xx_it.c
  26              	@ -mthumb -mcpu=cortex-m4 -mfloat-abi=hard -mfpu=fpv4-sp-d16 -mthumb
  27              	@ -auxbase-strip stm32f4xx_it.o -gdwarf-2 -Os -Wall -Wstrict-prototypes
  28              	@ -std=gnu99 -falign-functions=16 -fno-inline -fomit-frame-pointer
  29              	@ -fverbose-asm -ffunction-sections -fdata-sections
  30              	@ options enabled:  -fauto-inc-dec -fbranch-count-reg -fcaller-saves
  31              	@ -fcombine-stack-adjustments -fcommon -fcompare-elim -fcprop-registers
  32              	@ -fcrossjumping -fcse-follow-jumps -fdata-sections -fdebug-types-section
  33              	@ -fdefer-pop -fdelete-null-pointer-checks -fdevirtualize -fdwarf2-cfi-asm
  34              	@ -fearly-inlining -feliminate-unused-debug-types -fexpensive-optimizations
  35              	@ -fforward-propagate -ffunction-cse -ffunction-sections -fgcse -fgcse-lm
  36              	@ -fgnu-runtime -fguess-branch-probability -fident -fif-conversion
  37              	@ -fif-conversion2 -findirect-inlining -finline-atomics -finline-functions
  38              	@ -finline-functions-called-once -finline-small-functions -fipa-cp
  39              	@ -fipa-profile -fipa-pure-const -fipa-reference -fipa-sra
  40              	@ -fira-share-save-slots -fira-share-spill-slots -fivopts
  41              	@ -fkeep-static-consts -fleading-underscore -fmath-errno -fmerge-constants
  42              	@ -fmerge-debug-strings -fomit-frame-pointer -foptimize-register-move
  43              	@ -foptimize-sibling-calls -fpartial-inlining -fpeephole -fpeephole2
  44              	@ -fprefetch-loop-arrays -freg-struct-return -fregmove -frename-registers
  45              	@ -freorder-blocks -freorder-functions -frerun-cse-after-loop
  46              	@ -fsched-critical-path-heuristic -fsched-dep-count-heuristic
  47              	@ -fsched-group-heuristic -fsched-interblock -fsched-last-insn-heuristic
  48              	@ -fsched-rank-heuristic -fsched-spec -fsched-spec-insn-heuristic
  49              	@ -fsched-stalled-insns-dep -fschedule-insns2 -fsection-anchors
  50              	@ -fshow-column -fshrink-wrap -fsigned-zeros -fsplit-ivs-in-unroller
  51              	@ -fsplit-wide-types -fstrict-aliasing -fstrict-overflow
  52              	@ -fstrict-volatile-bitfields -fthread-jumps -ftoplevel-reorder
  53              	@ -ftrapping-math -ftree-bit-ccp -ftree-builtin-call-dce -ftree-ccp
  54              	@ -ftree-ch -ftree-copy-prop -ftree-copyrename -ftree-cselim -ftree-dce
  55              	@ -ftree-dominator-opts -ftree-dse -ftree-forwprop -ftree-fre
  56              	@ -ftree-loop-if-convert -ftree-loop-im -ftree-loop-ivcanon
  57              	@ -ftree-loop-optimize -ftree-parallelize-loops= -ftree-phiprop -ftree-pre
ARM GAS  /tmp/ccsJ2UrX.s 			page 2


  58              	@ -ftree-pta -ftree-reassoc -ftree-scev-cprop -ftree-sink
  59              	@ -ftree-slp-vectorize -ftree-sra -ftree-switch-conversion
  60              	@ -ftree-tail-merge -ftree-ter -ftree-vect-loop-version -ftree-vrp
  61              	@ -funit-at-a-time -funroll-loops -fvar-tracking -fvar-tracking-assignments
  62              	@ -fverbose-asm -fweb -fzero-initialized-in-bss -mlittle-endian
  63              	@ -msched-prolog -mthumb -munaligned-access -mvectorize-with-neon-quad
  64              	
  65              		.text
  66              	.Ltext0:
  67              		.cfi_sections	.debug_frame
  68              		.section	.text.NMI_Handler,"ax",%progbits
  69              		.align	1
  70              		.global	NMI_Handler
  71              		.thumb
  72              		.thumb_func
  73              		.type	NMI_Handler, %function
  74              	NMI_Handler:
  75              	.LFB0:
  76              		.file 1 "stm32f4xx_it.c"
   1:stm32f4xx_it.c **** /**
   2:stm32f4xx_it.c ****   ******************************************************************************
   3:stm32f4xx_it.c ****   * @file    stm32f4xx_it.c
   4:stm32f4xx_it.c ****   * @author  MCD Application Team
   5:stm32f4xx_it.c ****   * @version V1.0.0
   6:stm32f4xx_it.c ****   * @date    19-September-2011
   7:stm32f4xx_it.c ****   * @brief   Main Interrupt Service Routines.
   8:stm32f4xx_it.c ****   *          This file provides all exceptions handler and peripherals interrupt
   9:stm32f4xx_it.c ****   *          service routine.
  10:stm32f4xx_it.c ****   ******************************************************************************
  11:stm32f4xx_it.c ****   * @attention
  12:stm32f4xx_it.c ****   *
  13:stm32f4xx_it.c ****   * THE PRESENT FIRMWARE WHICH IS FOR GUIDANCE ONLY AIMS AT PROVIDING CUSTOMERS
  14:stm32f4xx_it.c ****   * WITH CODING INFORMATION REGARDING THEIR PRODUCTS IN ORDER FOR THEM TO SAVE
  15:stm32f4xx_it.c ****   * TIME. AS A RESULT, STMICROELECTRONICS SHALL NOT BE HELD LIABLE FOR ANY
  16:stm32f4xx_it.c ****   * DIRECT, INDIRECT OR CONSEQUENTIAL DAMAGES WITH RESPECT TO ANY CLAIMS ARISING
  17:stm32f4xx_it.c ****   * FROM THE CONTENT OF SUCH FIRMWARE AND/OR THE USE MADE BY CUSTOMERS OF THE
  18:stm32f4xx_it.c ****   * CODING INFORMATION CONTAINED HEREIN IN CONNECTION WITH THEIR PRODUCTS.
  19:stm32f4xx_it.c ****   *
  20:stm32f4xx_it.c ****   * <h2><center>&copy; COPYRIGHT 2011 STMicroelectronics</center></h2>
  21:stm32f4xx_it.c ****   ******************************************************************************
  22:stm32f4xx_it.c ****   */
  23:stm32f4xx_it.c **** 
  24:stm32f4xx_it.c **** /* Includes ------------------------------------------------------------------*/
  25:stm32f4xx_it.c **** #include "stm32f4xx_it.h"
  26:stm32f4xx_it.c **** 
  27:stm32f4xx_it.c **** /* Private typedef -----------------------------------------------------------*/
  28:stm32f4xx_it.c **** /* Private define ------------------------------------------------------------*/
  29:stm32f4xx_it.c **** /* Private macro -------------------------------------------------------------*/
  30:stm32f4xx_it.c **** /* Private variables ---------------------------------------------------------*/
  31:stm32f4xx_it.c **** /* Private function prototypes -----------------------------------------------*/
  32:stm32f4xx_it.c **** 
  33:stm32f4xx_it.c **** /******************************************************************************/
  34:stm32f4xx_it.c **** /*            Cortex-M3 Processor Exceptions Handlers                         */
  35:stm32f4xx_it.c **** /******************************************************************************/
  36:stm32f4xx_it.c **** 
  37:stm32f4xx_it.c **** /**
  38:stm32f4xx_it.c ****   * @brief   This function handles NMI exception.
ARM GAS  /tmp/ccsJ2UrX.s 			page 3


  39:stm32f4xx_it.c ****   * @param  None
  40:stm32f4xx_it.c ****   * @retval None
  41:stm32f4xx_it.c ****   */
  42:stm32f4xx_it.c **** void NMI_Handler(void)
  43:stm32f4xx_it.c **** {
  77              		.loc 1 43 0
  78              		.cfi_startproc
  79              		@ args = 0, pretend = 0, frame = 0
  80              		@ frame_needed = 0, uses_anonymous_args = 0
  81              		@ link register save eliminated.
  82 0000 7047     		bx	lr	@
  83              		.cfi_endproc
  84              	.LFE0:
  85              		.size	NMI_Handler, .-NMI_Handler
  86              		.section	.text.HardFault_Handler,"ax",%progbits
  87              		.align	1
  88              		.global	HardFault_Handler
  89              		.thumb
  90              		.thumb_func
  91              		.type	HardFault_Handler, %function
  92              	HardFault_Handler:
  93              	.LFB1:
  44:stm32f4xx_it.c **** }
  45:stm32f4xx_it.c **** 
  46:stm32f4xx_it.c **** /**
  47:stm32f4xx_it.c ****   * @brief  This function handles Hard Fault exception.
  48:stm32f4xx_it.c ****   * @param  None
  49:stm32f4xx_it.c ****   * @retval None
  50:stm32f4xx_it.c ****   */
  51:stm32f4xx_it.c **** void HardFault_Handler(void)
  52:stm32f4xx_it.c **** {
  94              		.loc 1 52 0
  95              		.cfi_startproc
  96              		@ Volatile: function does not return.
  97              		@ args = 0, pretend = 0, frame = 0
  98              		@ frame_needed = 0, uses_anonymous_args = 0
  99              		@ link register save eliminated.
 100              	.L3:
 101 0000 FEE7     		b	.L3	@
 102              		.cfi_endproc
 103              	.LFE1:
 104              		.size	HardFault_Handler, .-HardFault_Handler
 105              		.section	.text.MemManage_Handler,"ax",%progbits
 106              		.align	1
 107              		.global	MemManage_Handler
 108              		.thumb
 109              		.thumb_func
 110              		.type	MemManage_Handler, %function
 111              	MemManage_Handler:
 112              	.LFB2:
  53:stm32f4xx_it.c ****   /* Go to infinite loop when Hard Fault exception occurs */
  54:stm32f4xx_it.c ****   while (1)
  55:stm32f4xx_it.c ****   {
  56:stm32f4xx_it.c ****   }
  57:stm32f4xx_it.c **** }
  58:stm32f4xx_it.c **** 
  59:stm32f4xx_it.c **** /**
ARM GAS  /tmp/ccsJ2UrX.s 			page 4


  60:stm32f4xx_it.c ****   * @brief  This function handles Memory Manage exception.
  61:stm32f4xx_it.c ****   * @param  None
  62:stm32f4xx_it.c ****   * @retval None
  63:stm32f4xx_it.c ****   */
  64:stm32f4xx_it.c **** void MemManage_Handler(void)
  65:stm32f4xx_it.c **** {
 113              		.loc 1 65 0
 114              		.cfi_startproc
 115              		@ Volatile: function does not return.
 116              		@ args = 0, pretend = 0, frame = 0
 117              		@ frame_needed = 0, uses_anonymous_args = 0
 118              		@ link register save eliminated.
 119              	.L5:
 120 0000 FEE7     		b	.L5	@
 121              		.cfi_endproc
 122              	.LFE2:
 123              		.size	MemManage_Handler, .-MemManage_Handler
 124              		.section	.text.BusFault_Handler,"ax",%progbits
 125              		.align	1
 126              		.global	BusFault_Handler
 127              		.thumb
 128              		.thumb_func
 129              		.type	BusFault_Handler, %function
 130              	BusFault_Handler:
 131              	.LFB3:
  66:stm32f4xx_it.c ****   /* Go to infinite loop when Memory Manage exception occurs */
  67:stm32f4xx_it.c ****   while (1)
  68:stm32f4xx_it.c ****   {
  69:stm32f4xx_it.c ****   }
  70:stm32f4xx_it.c **** }
  71:stm32f4xx_it.c **** 
  72:stm32f4xx_it.c **** /**
  73:stm32f4xx_it.c ****   * @brief  This function handles Bus Fault exception.
  74:stm32f4xx_it.c ****   * @param  None
  75:stm32f4xx_it.c ****   * @retval None
  76:stm32f4xx_it.c ****   */
  77:stm32f4xx_it.c **** void BusFault_Handler(void)
  78:stm32f4xx_it.c **** {
 132              		.loc 1 78 0
 133              		.cfi_startproc
 134              		@ Volatile: function does not return.
 135              		@ args = 0, pretend = 0, frame = 0
 136              		@ frame_needed = 0, uses_anonymous_args = 0
 137              		@ link register save eliminated.
 138              	.L7:
 139 0000 FEE7     		b	.L7	@
 140              		.cfi_endproc
 141              	.LFE3:
 142              		.size	BusFault_Handler, .-BusFault_Handler
 143              		.section	.text.UsageFault_Handler,"ax",%progbits
 144              		.align	1
 145              		.global	UsageFault_Handler
 146              		.thumb
 147              		.thumb_func
 148              		.type	UsageFault_Handler, %function
 149              	UsageFault_Handler:
 150              	.LFB4:
ARM GAS  /tmp/ccsJ2UrX.s 			page 5


  79:stm32f4xx_it.c ****   /* Go to infinite loop when Bus Fault exception occurs */
  80:stm32f4xx_it.c ****   while (1)
  81:stm32f4xx_it.c ****   {
  82:stm32f4xx_it.c ****   }
  83:stm32f4xx_it.c **** }
  84:stm32f4xx_it.c **** 
  85:stm32f4xx_it.c **** /**
  86:stm32f4xx_it.c ****   * @brief  This function handles Usage Fault exception.
  87:stm32f4xx_it.c ****   * @param  None
  88:stm32f4xx_it.c ****   * @retval None
  89:stm32f4xx_it.c ****   */
  90:stm32f4xx_it.c **** void UsageFault_Handler(void)
  91:stm32f4xx_it.c **** {
 151              		.loc 1 91 0
 152              		.cfi_startproc
 153              		@ Volatile: function does not return.
 154              		@ args = 0, pretend = 0, frame = 0
 155              		@ frame_needed = 0, uses_anonymous_args = 0
 156              		@ link register save eliminated.
 157              	.L9:
 158 0000 FEE7     		b	.L9	@
 159              		.cfi_endproc
 160              	.LFE4:
 161              		.size	UsageFault_Handler, .-UsageFault_Handler
 162              		.section	.text.SVC_Handler,"ax",%progbits
 163              		.align	1
 164              		.global	SVC_Handler
 165              		.thumb
 166              		.thumb_func
 167              		.type	SVC_Handler, %function
 168              	SVC_Handler:
 169              	.LFB5:
  92:stm32f4xx_it.c ****   /* Go to infinite loop when Usage Fault exception occurs */
  93:stm32f4xx_it.c ****   while (1)
  94:stm32f4xx_it.c ****   {
  95:stm32f4xx_it.c ****   }
  96:stm32f4xx_it.c **** }
  97:stm32f4xx_it.c **** 
  98:stm32f4xx_it.c **** /**
  99:stm32f4xx_it.c ****   * @brief  This function handles SVCall exception.
 100:stm32f4xx_it.c ****   * @param  None
 101:stm32f4xx_it.c ****   * @retval None
 102:stm32f4xx_it.c ****   */
 103:stm32f4xx_it.c **** void SVC_Handler(void)
 104:stm32f4xx_it.c **** {
 170              		.loc 1 104 0
 171              		.cfi_startproc
 172              		@ args = 0, pretend = 0, frame = 0
 173              		@ frame_needed = 0, uses_anonymous_args = 0
 174              		@ link register save eliminated.
 175 0000 7047     		bx	lr	@
 176              		.cfi_endproc
 177              	.LFE5:
 178              		.size	SVC_Handler, .-SVC_Handler
 179              		.section	.text.DebugMon_Handler,"ax",%progbits
 180              		.align	1
 181              		.global	DebugMon_Handler
ARM GAS  /tmp/ccsJ2UrX.s 			page 6


 182              		.thumb
 183              		.thumb_func
 184              		.type	DebugMon_Handler, %function
 185              	DebugMon_Handler:
 186              	.LFB6:
 105:stm32f4xx_it.c **** }
 106:stm32f4xx_it.c **** 
 107:stm32f4xx_it.c **** /**
 108:stm32f4xx_it.c ****   * @brief  This function handles Debug Monitor exception.
 109:stm32f4xx_it.c ****   * @param  None
 110:stm32f4xx_it.c ****   * @retval None
 111:stm32f4xx_it.c ****   */
 112:stm32f4xx_it.c **** void DebugMon_Handler(void)
 113:stm32f4xx_it.c **** {
 187              		.loc 1 113 0
 188              		.cfi_startproc
 189              		@ args = 0, pretend = 0, frame = 0
 190              		@ frame_needed = 0, uses_anonymous_args = 0
 191              		@ link register save eliminated.
 192 0000 7047     		bx	lr	@
 193              		.cfi_endproc
 194              	.LFE6:
 195              		.size	DebugMon_Handler, .-DebugMon_Handler
 196              		.section	.text.PendSV_Handler,"ax",%progbits
 197              		.align	1
 198              		.global	PendSV_Handler
 199              		.thumb
 200              		.thumb_func
 201              		.type	PendSV_Handler, %function
 202              	PendSV_Handler:
 203              	.LFB7:
 114:stm32f4xx_it.c **** }
 115:stm32f4xx_it.c **** 
 116:stm32f4xx_it.c **** /**
 117:stm32f4xx_it.c ****   * @brief  This function handles PendSVC exception.
 118:stm32f4xx_it.c ****   * @param  None
 119:stm32f4xx_it.c ****   * @retval None
 120:stm32f4xx_it.c ****   */
 121:stm32f4xx_it.c **** void PendSV_Handler(void)
 122:stm32f4xx_it.c **** {
 204              		.loc 1 122 0
 205              		.cfi_startproc
 206              		@ args = 0, pretend = 0, frame = 0
 207              		@ frame_needed = 0, uses_anonymous_args = 0
 208              		@ link register save eliminated.
 209 0000 7047     		bx	lr	@
 210              		.cfi_endproc
 211              	.LFE7:
 212              		.size	PendSV_Handler, .-PendSV_Handler
 213              		.section	.text.SysTick_Handler,"ax",%progbits
 214              		.align	1
 215              		.global	SysTick_Handler
 216              		.thumb
 217              		.thumb_func
 218              		.type	SysTick_Handler, %function
 219              	SysTick_Handler:
 220              	.LFB8:
ARM GAS  /tmp/ccsJ2UrX.s 			page 7


 123:stm32f4xx_it.c **** }
 124:stm32f4xx_it.c **** 
 125:stm32f4xx_it.c **** /**
 126:stm32f4xx_it.c ****   * @brief  This function handles SysTick Handler.
 127:stm32f4xx_it.c ****   * @param  None
 128:stm32f4xx_it.c ****   * @retval None
 129:stm32f4xx_it.c ****   */
 130:stm32f4xx_it.c **** void SysTick_Handler(void)
 131:stm32f4xx_it.c **** {
 221              		.loc 1 131 0
 222              		.cfi_startproc
 223              		@ args = 0, pretend = 0, frame = 0
 224              		@ frame_needed = 0, uses_anonymous_args = 0
 225              		@ link register save eliminated.
 226 0000 7047     		bx	lr	@
 227              		.cfi_endproc
 228              	.LFE8:
 229              		.size	SysTick_Handler, .-SysTick_Handler
 230              		.section	.text.EXTI0_IRQHandler,"ax",%progbits
 231              		.align	1
 232              		.global	EXTI0_IRQHandler
 233              		.thumb
 234              		.thumb_func
 235              		.type	EXTI0_IRQHandler, %function
 236              	EXTI0_IRQHandler:
 237              	.LFB9:
 132:stm32f4xx_it.c **** }
 133:stm32f4xx_it.c **** 
 134:stm32f4xx_it.c **** /******************************************************************************/
 135:stm32f4xx_it.c **** /*                 STM32Fxxx Peripherals Interrupt Handlers                   */
 136:stm32f4xx_it.c **** /*  Add here the Interrupt Handler for the used peripheral(s) (PPP), for the  */
 137:stm32f4xx_it.c **** /*  available peripheral interrupt handler's name please refer to the startup */
 138:stm32f4xx_it.c **** /*  file (startup_stm32fxxx.s).                                               */
 139:stm32f4xx_it.c **** /******************************************************************************/
 140:stm32f4xx_it.c **** 
 141:stm32f4xx_it.c **** /**
 142:stm32f4xx_it.c ****   * @brief  This function handles PPP interrupt request.
 143:stm32f4xx_it.c ****   * @param  None
 144:stm32f4xx_it.c ****   * @retval None
 145:stm32f4xx_it.c ****   */
 146:stm32f4xx_it.c **** /*void PPP_IRQHandler(void)
 147:stm32f4xx_it.c **** {
 148:stm32f4xx_it.c **** }*/
 149:stm32f4xx_it.c **** 
 150:stm32f4xx_it.c **** /**
 151:stm32f4xx_it.c ****   * @brief  This function handles EXTI0_IRQ Handler.
 152:stm32f4xx_it.c ****   * @param  None
 153:stm32f4xx_it.c ****   * @retval None
 154:stm32f4xx_it.c ****   */
 155:stm32f4xx_it.c **** void EXTI0_IRQHandler(void)
 156:stm32f4xx_it.c **** {
 238              		.loc 1 156 0
 239              		.cfi_startproc
 240              		@ args = 0, pretend = 0, frame = 0
 241              		@ frame_needed = 0, uses_anonymous_args = 0
 242              		@ link register save eliminated.
 243 0000 7047     		bx	lr	@
ARM GAS  /tmp/ccsJ2UrX.s 			page 8


 244              		.cfi_endproc
 245              	.LFE9:
 246              		.size	EXTI0_IRQHandler, .-EXTI0_IRQHandler
 247              		.section	.text.OTG_FS_WKUP_IRQHandler,"ax",%progbits
 248              		.align	1
 249              		.global	OTG_FS_WKUP_IRQHandler
 250              		.thumb
 251              		.thumb_func
 252              		.type	OTG_FS_WKUP_IRQHandler, %function
 253              	OTG_FS_WKUP_IRQHandler:
 254              	.LFB10:
 157:stm32f4xx_it.c **** }
 158:stm32f4xx_it.c **** 
 159:stm32f4xx_it.c **** /**
 160:stm32f4xx_it.c ****   * @brief  This function handles EXTI15_10_IRQ Handler.
 161:stm32f4xx_it.c ****   * @param  None
 162:stm32f4xx_it.c ****   * @retval None
 163:stm32f4xx_it.c ****   */
 164:stm32f4xx_it.c **** void OTG_FS_WKUP_IRQHandler(void)
 165:stm32f4xx_it.c **** {
 255              		.loc 1 165 0
 256              		.cfi_startproc
 257              		@ args = 0, pretend = 0, frame = 0
 258              		@ frame_needed = 0, uses_anonymous_args = 0
 259              		@ link register save eliminated.
 260 0000 7047     		bx	lr	@
 261              		.cfi_endproc
 262              	.LFE10:
 263              		.size	OTG_FS_WKUP_IRQHandler, .-OTG_FS_WKUP_IRQHandler
 264              		.section	.text.OTG_FS_IRQHandler,"ax",%progbits
 265              		.align	1
 266              		.global	OTG_FS_IRQHandler
 267              		.thumb
 268              		.thumb_func
 269              		.type	OTG_FS_IRQHandler, %function
 270              	OTG_FS_IRQHandler:
 271              	.LFB11:
 166:stm32f4xx_it.c **** }
 167:stm32f4xx_it.c **** 
 168:stm32f4xx_it.c **** /**
 169:stm32f4xx_it.c ****   * @brief  This function handles OTG_HS Handler.
 170:stm32f4xx_it.c ****   * @param  None
 171:stm32f4xx_it.c ****   * @retval None
 172:stm32f4xx_it.c ****   */
 173:stm32f4xx_it.c **** void OTG_FS_IRQHandler(void)
 174:stm32f4xx_it.c **** {
 272              		.loc 1 174 0
 273              		.cfi_startproc
 274              		@ args = 0, pretend = 0, frame = 0
 275              		@ frame_needed = 0, uses_anonymous_args = 0
 276              		@ link register save eliminated.
 277 0000 7047     		bx	lr	@
 278              		.cfi_endproc
 279              	.LFE11:
 280              		.size	OTG_FS_IRQHandler, .-OTG_FS_IRQHandler
 281              		.text
 282              	.Letext0:
ARM GAS  /tmp/ccsJ2UrX.s 			page 9


 283              		.section	.debug_info,"",%progbits
 284              	.Ldebug_info0:
 285 0000 22010000 		.4byte	0x122
 286 0004 0200     		.2byte	0x2
 287 0006 00000000 		.4byte	.Ldebug_abbrev0
 288 000a 04       		.byte	0x4
 289 000b 01       		.uleb128 0x1
 290 000c C0000000 		.4byte	.LASF12
 291 0010 01       		.byte	0x1
 292 0011 2C010000 		.4byte	.LASF13
 293 0015 46000000 		.4byte	.LASF14
 294 0019 00000000 		.4byte	.Ldebug_ranges0+0
 295 001d 00000000 		.4byte	0
 296 0021 00000000 		.4byte	0
 297 0025 00000000 		.4byte	.Ldebug_line0
 298 0029 02       		.uleb128 0x2
 299 002a 01       		.byte	0x1
 300 002b 00000000 		.4byte	.LASF0
 301 002f 01       		.byte	0x1
 302 0030 2A       		.byte	0x2a
 303 0031 01       		.byte	0x1
 304 0032 00000000 		.4byte	.LFB0
 305 0036 02000000 		.4byte	.LFE0
 306 003a 02       		.byte	0x2
 307 003b 7D       		.byte	0x7d
 308 003c 00       		.sleb128 0
 309 003d 01       		.byte	0x1
 310 003e 02       		.uleb128 0x2
 311 003f 01       		.byte	0x1
 312 0040 8B000000 		.4byte	.LASF1
 313 0044 01       		.byte	0x1
 314 0045 33       		.byte	0x33
 315 0046 01       		.byte	0x1
 316 0047 00000000 		.4byte	.LFB1
 317 004b 02000000 		.4byte	.LFE1
 318 004f 02       		.byte	0x2
 319 0050 7D       		.byte	0x7d
 320 0051 00       		.sleb128 0
 321 0052 01       		.byte	0x1
 322 0053 02       		.uleb128 0x2
 323 0054 01       		.byte	0x1
 324 0055 AE000000 		.4byte	.LASF2
 325 0059 01       		.byte	0x1
 326 005a 40       		.byte	0x40
 327 005b 01       		.byte	0x1
 328 005c 00000000 		.4byte	.LFB2
 329 0060 02000000 		.4byte	.LFE2
 330 0064 02       		.byte	0x2
 331 0065 7D       		.byte	0x7d
 332 0066 00       		.sleb128 0
 333 0067 01       		.byte	0x1
 334 0068 02       		.uleb128 0x2
 335 0069 01       		.byte	0x1
 336 006a 9D000000 		.4byte	.LASF3
 337 006e 01       		.byte	0x1
 338 006f 4D       		.byte	0x4d
 339 0070 01       		.byte	0x1
ARM GAS  /tmp/ccsJ2UrX.s 			page 10


 340 0071 00000000 		.4byte	.LFB3
 341 0075 02000000 		.4byte	.LFE3
 342 0079 02       		.byte	0x2
 343 007a 7D       		.byte	0x7d
 344 007b 00       		.sleb128 0
 345 007c 01       		.byte	0x1
 346 007d 02       		.uleb128 0x2
 347 007e 01       		.byte	0x1
 348 007f 33000000 		.4byte	.LASF4
 349 0083 01       		.byte	0x1
 350 0084 5A       		.byte	0x5a
 351 0085 01       		.byte	0x1
 352 0086 00000000 		.4byte	.LFB4
 353 008a 02000000 		.4byte	.LFE4
 354 008e 02       		.byte	0x2
 355 008f 7D       		.byte	0x7d
 356 0090 00       		.sleb128 0
 357 0091 01       		.byte	0x1
 358 0092 02       		.uleb128 0x2
 359 0093 01       		.byte	0x1
 360 0094 3B010000 		.4byte	.LASF5
 361 0098 01       		.byte	0x1
 362 0099 67       		.byte	0x67
 363 009a 01       		.byte	0x1
 364 009b 00000000 		.4byte	.LFB5
 365 009f 02000000 		.4byte	.LFE5
 366 00a3 02       		.byte	0x2
 367 00a4 7D       		.byte	0x7d
 368 00a5 00       		.sleb128 0
 369 00a6 01       		.byte	0x1
 370 00a7 02       		.uleb128 0x2
 371 00a8 01       		.byte	0x1
 372 00a9 1B010000 		.4byte	.LASF6
 373 00ad 01       		.byte	0x1
 374 00ae 70       		.byte	0x70
 375 00af 01       		.byte	0x1
 376 00b0 00000000 		.4byte	.LFB6
 377 00b4 02000000 		.4byte	.LFE6
 378 00b8 02       		.byte	0x2
 379 00b9 7D       		.byte	0x7d
 380 00ba 00       		.sleb128 0
 381 00bb 01       		.byte	0x1
 382 00bc 02       		.uleb128 0x2
 383 00bd 01       		.byte	0x1
 384 00be 47010000 		.4byte	.LASF7
 385 00c2 01       		.byte	0x1
 386 00c3 79       		.byte	0x79
 387 00c4 01       		.byte	0x1
 388 00c5 00000000 		.4byte	.LFB7
 389 00c9 02000000 		.4byte	.LFE7
 390 00cd 02       		.byte	0x2
 391 00ce 7D       		.byte	0x7d
 392 00cf 00       		.sleb128 0
 393 00d0 01       		.byte	0x1
 394 00d1 02       		.uleb128 0x2
 395 00d2 01       		.byte	0x1
 396 00d3 0C000000 		.4byte	.LASF8
ARM GAS  /tmp/ccsJ2UrX.s 			page 11


 397 00d7 01       		.byte	0x1
 398 00d8 82       		.byte	0x82
 399 00d9 01       		.byte	0x1
 400 00da 00000000 		.4byte	.LFB8
 401 00de 02000000 		.4byte	.LFE8
 402 00e2 02       		.byte	0x2
 403 00e3 7D       		.byte	0x7d
 404 00e4 00       		.sleb128 0
 405 00e5 01       		.byte	0x1
 406 00e6 02       		.uleb128 0x2
 407 00e7 01       		.byte	0x1
 408 00e8 56010000 		.4byte	.LASF9
 409 00ec 01       		.byte	0x1
 410 00ed 9B       		.byte	0x9b
 411 00ee 01       		.byte	0x1
 412 00ef 00000000 		.4byte	.LFB9
 413 00f3 02000000 		.4byte	.LFE9
 414 00f7 02       		.byte	0x2
 415 00f8 7D       		.byte	0x7d
 416 00f9 00       		.sleb128 0
 417 00fa 01       		.byte	0x1
 418 00fb 02       		.uleb128 0x2
 419 00fc 01       		.byte	0x1
 420 00fd 1C000000 		.4byte	.LASF10
 421 0101 01       		.byte	0x1
 422 0102 A4       		.byte	0xa4
 423 0103 01       		.byte	0x1
 424 0104 00000000 		.4byte	.LFB10
 425 0108 02000000 		.4byte	.LFE10
 426 010c 02       		.byte	0x2
 427 010d 7D       		.byte	0x7d
 428 010e 00       		.sleb128 0
 429 010f 01       		.byte	0x1
 430 0110 02       		.uleb128 0x2
 431 0111 01       		.byte	0x1
 432 0112 09010000 		.4byte	.LASF11
 433 0116 01       		.byte	0x1
 434 0117 AD       		.byte	0xad
 435 0118 01       		.byte	0x1
 436 0119 00000000 		.4byte	.LFB11
 437 011d 02000000 		.4byte	.LFE11
 438 0121 02       		.byte	0x2
 439 0122 7D       		.byte	0x7d
 440 0123 00       		.sleb128 0
 441 0124 01       		.byte	0x1
 442 0125 00       		.byte	0
 443              		.section	.debug_abbrev,"",%progbits
 444              	.Ldebug_abbrev0:
 445 0000 01       		.uleb128 0x1
 446 0001 11       		.uleb128 0x11
 447 0002 01       		.byte	0x1
 448 0003 25       		.uleb128 0x25
 449 0004 0E       		.uleb128 0xe
 450 0005 13       		.uleb128 0x13
 451 0006 0B       		.uleb128 0xb
 452 0007 03       		.uleb128 0x3
 453 0008 0E       		.uleb128 0xe
ARM GAS  /tmp/ccsJ2UrX.s 			page 12


 454 0009 1B       		.uleb128 0x1b
 455 000a 0E       		.uleb128 0xe
 456 000b 55       		.uleb128 0x55
 457 000c 06       		.uleb128 0x6
 458 000d 11       		.uleb128 0x11
 459 000e 01       		.uleb128 0x1
 460 000f 52       		.uleb128 0x52
 461 0010 01       		.uleb128 0x1
 462 0011 10       		.uleb128 0x10
 463 0012 06       		.uleb128 0x6
 464 0013 00       		.byte	0
 465 0014 00       		.byte	0
 466 0015 02       		.uleb128 0x2
 467 0016 2E       		.uleb128 0x2e
 468 0017 00       		.byte	0
 469 0018 3F       		.uleb128 0x3f
 470 0019 0C       		.uleb128 0xc
 471 001a 03       		.uleb128 0x3
 472 001b 0E       		.uleb128 0xe
 473 001c 3A       		.uleb128 0x3a
 474 001d 0B       		.uleb128 0xb
 475 001e 3B       		.uleb128 0x3b
 476 001f 0B       		.uleb128 0xb
 477 0020 27       		.uleb128 0x27
 478 0021 0C       		.uleb128 0xc
 479 0022 11       		.uleb128 0x11
 480 0023 01       		.uleb128 0x1
 481 0024 12       		.uleb128 0x12
 482 0025 01       		.uleb128 0x1
 483 0026 40       		.uleb128 0x40
 484 0027 0A       		.uleb128 0xa
 485 0028 9742     		.uleb128 0x2117
 486 002a 0C       		.uleb128 0xc
 487 002b 00       		.byte	0
 488 002c 00       		.byte	0
 489 002d 00       		.byte	0
 490              		.section	.debug_aranges,"",%progbits
 491 0000 74000000 		.4byte	0x74
 492 0004 0200     		.2byte	0x2
 493 0006 00000000 		.4byte	.Ldebug_info0
 494 000a 04       		.byte	0x4
 495 000b 00       		.byte	0
 496 000c 0000     		.2byte	0
 497 000e 0000     		.2byte	0
 498 0010 00000000 		.4byte	.LFB0
 499 0014 02000000 		.4byte	.LFE0-.LFB0
 500 0018 00000000 		.4byte	.LFB1
 501 001c 02000000 		.4byte	.LFE1-.LFB1
 502 0020 00000000 		.4byte	.LFB2
 503 0024 02000000 		.4byte	.LFE2-.LFB2
 504 0028 00000000 		.4byte	.LFB3
 505 002c 02000000 		.4byte	.LFE3-.LFB3
 506 0030 00000000 		.4byte	.LFB4
 507 0034 02000000 		.4byte	.LFE4-.LFB4
 508 0038 00000000 		.4byte	.LFB5
 509 003c 02000000 		.4byte	.LFE5-.LFB5
 510 0040 00000000 		.4byte	.LFB6
ARM GAS  /tmp/ccsJ2UrX.s 			page 13


 511 0044 02000000 		.4byte	.LFE6-.LFB6
 512 0048 00000000 		.4byte	.LFB7
 513 004c 02000000 		.4byte	.LFE7-.LFB7
 514 0050 00000000 		.4byte	.LFB8
 515 0054 02000000 		.4byte	.LFE8-.LFB8
 516 0058 00000000 		.4byte	.LFB9
 517 005c 02000000 		.4byte	.LFE9-.LFB9
 518 0060 00000000 		.4byte	.LFB10
 519 0064 02000000 		.4byte	.LFE10-.LFB10
 520 0068 00000000 		.4byte	.LFB11
 521 006c 02000000 		.4byte	.LFE11-.LFB11
 522 0070 00000000 		.4byte	0
 523 0074 00000000 		.4byte	0
 524              		.section	.debug_ranges,"",%progbits
 525              	.Ldebug_ranges0:
 526 0000 00000000 		.4byte	.LFB0
 527 0004 02000000 		.4byte	.LFE0
 528 0008 00000000 		.4byte	.LFB1
 529 000c 02000000 		.4byte	.LFE1
 530 0010 00000000 		.4byte	.LFB2
 531 0014 02000000 		.4byte	.LFE2
 532 0018 00000000 		.4byte	.LFB3
 533 001c 02000000 		.4byte	.LFE3
 534 0020 00000000 		.4byte	.LFB4
 535 0024 02000000 		.4byte	.LFE4
 536 0028 00000000 		.4byte	.LFB5
 537 002c 02000000 		.4byte	.LFE5
 538 0030 00000000 		.4byte	.LFB6
 539 0034 02000000 		.4byte	.LFE6
 540 0038 00000000 		.4byte	.LFB7
 541 003c 02000000 		.4byte	.LFE7
 542 0040 00000000 		.4byte	.LFB8
 543 0044 02000000 		.4byte	.LFE8
 544 0048 00000000 		.4byte	.LFB9
 545 004c 02000000 		.4byte	.LFE9
 546 0050 00000000 		.4byte	.LFB10
 547 0054 02000000 		.4byte	.LFE10
 548 0058 00000000 		.4byte	.LFB11
 549 005c 02000000 		.4byte	.LFE11
 550 0060 00000000 		.4byte	0
 551 0064 00000000 		.4byte	0
 552              		.section	.debug_line,"",%progbits
 553              	.Ldebug_line0:
 554 0000 E9000000 		.section	.debug_str,"MS",%progbits,1
 554      02002500 
 554      00000201 
 554      FB0E0D00 
 554      01010101 
 555              	.LASF0:
 556 0000 4E4D495F 		.ascii	"NMI_Handler\000"
 556      48616E64 
 556      6C657200 
 557              	.LASF8:
 558 000c 53797354 		.ascii	"SysTick_Handler\000"
 558      69636B5F 
 558      48616E64 
 558      6C657200 
ARM GAS  /tmp/ccsJ2UrX.s 			page 14


 559              	.LASF10:
 560 001c 4F54475F 		.ascii	"OTG_FS_WKUP_IRQHandler\000"
 560      46535F57 
 560      4B55505F 
 560      49525148 
 560      616E646C 
 561              	.LASF4:
 562 0033 55736167 		.ascii	"UsageFault_Handler\000"
 562      65466175 
 562      6C745F48 
 562      616E646C 
 562      657200
 563              	.LASF14:
 564 0046 2F686F6D 		.ascii	"/home/xavier/Documents/Xav/dev/stm32code/bitbox/boo"
 564      652F7861 
 564      76696572 
 564      2F446F63 
 564      756D656E 
 565 0079 746C6F61 		.ascii	"tloader/FATFS-DBG\000"
 565      6465722F 
 565      46415446 
 565      532D4442 
 565      4700
 566              	.LASF1:
 567 008b 48617264 		.ascii	"HardFault_Handler\000"
 567      4661756C 
 567      745F4861 
 567      6E646C65 
 567      7200
 568              	.LASF3:
 569 009d 42757346 		.ascii	"BusFault_Handler\000"
 569      61756C74 
 569      5F48616E 
 569      646C6572 
 569      00
 570              	.LASF2:
 571 00ae 4D656D4D 		.ascii	"MemManage_Handler\000"
 571      616E6167 
 571      655F4861 
 571      6E646C65 
 571      7200
 572              	.LASF12:
 573 00c0 474E5520 		.ascii	"GNU C 4.7.4 20130913 (release) [ARM/embedded-4_7-br"
 573      4320342E 
 573      372E3420 
 573      32303133 
 573      30393133 
 574 00f3 616E6368 		.ascii	"anch revision 202601]\000"
 574      20726576 
 574      6973696F 
 574      6E203230 
 574      32363031 
 575              	.LASF11:
 576 0109 4F54475F 		.ascii	"OTG_FS_IRQHandler\000"
 576      46535F49 
 576      52514861 
 576      6E646C65 
ARM GAS  /tmp/ccsJ2UrX.s 			page 15


 576      7200
 577              	.LASF6:
 578 011b 44656275 		.ascii	"DebugMon_Handler\000"
 578      674D6F6E 
 578      5F48616E 
 578      646C6572 
 578      00
 579              	.LASF13:
 580 012c 73746D33 		.ascii	"stm32f4xx_it.c\000"
 580      32663478 
 580      785F6974 
 580      2E6300
 581              	.LASF5:
 582 013b 5356435F 		.ascii	"SVC_Handler\000"
 582      48616E64 
 582      6C657200 
 583              	.LASF7:
 584 0147 50656E64 		.ascii	"PendSV_Handler\000"
 584      53565F48 
 584      616E646C 
 584      657200
 585              	.LASF9:
 586 0156 45585449 		.ascii	"EXTI0_IRQHandler\000"
 586      305F4952 
 586      5148616E 
 586      646C6572 
 586      00
 587              		.ident	"GCC: (GNU Tools for ARM Embedded Processors) 4.7.4 20130913 (release) [ARM/embedded-4_7-br
ARM GAS  /tmp/ccsJ2UrX.s 			page 16


DEFINED SYMBOLS
                            *ABS*:0000000000000000 stm32f4xx_it.c
     /tmp/ccsJ2UrX.s:69     .text.NMI_Handler:0000000000000000 $t
     /tmp/ccsJ2UrX.s:74     .text.NMI_Handler:0000000000000000 NMI_Handler
     /tmp/ccsJ2UrX.s:87     .text.HardFault_Handler:0000000000000000 $t
     /tmp/ccsJ2UrX.s:92     .text.HardFault_Handler:0000000000000000 HardFault_Handler
     /tmp/ccsJ2UrX.s:106    .text.MemManage_Handler:0000000000000000 $t
     /tmp/ccsJ2UrX.s:111    .text.MemManage_Handler:0000000000000000 MemManage_Handler
     /tmp/ccsJ2UrX.s:125    .text.BusFault_Handler:0000000000000000 $t
     /tmp/ccsJ2UrX.s:130    .text.BusFault_Handler:0000000000000000 BusFault_Handler
     /tmp/ccsJ2UrX.s:144    .text.UsageFault_Handler:0000000000000000 $t
     /tmp/ccsJ2UrX.s:149    .text.UsageFault_Handler:0000000000000000 UsageFault_Handler
     /tmp/ccsJ2UrX.s:163    .text.SVC_Handler:0000000000000000 $t
     /tmp/ccsJ2UrX.s:168    .text.SVC_Handler:0000000000000000 SVC_Handler
     /tmp/ccsJ2UrX.s:180    .text.DebugMon_Handler:0000000000000000 $t
     /tmp/ccsJ2UrX.s:185    .text.DebugMon_Handler:0000000000000000 DebugMon_Handler
     /tmp/ccsJ2UrX.s:197    .text.PendSV_Handler:0000000000000000 $t
     /tmp/ccsJ2UrX.s:202    .text.PendSV_Handler:0000000000000000 PendSV_Handler
     /tmp/ccsJ2UrX.s:214    .text.SysTick_Handler:0000000000000000 $t
     /tmp/ccsJ2UrX.s:219    .text.SysTick_Handler:0000000000000000 SysTick_Handler
     /tmp/ccsJ2UrX.s:231    .text.EXTI0_IRQHandler:0000000000000000 $t
     /tmp/ccsJ2UrX.s:236    .text.EXTI0_IRQHandler:0000000000000000 EXTI0_IRQHandler
     /tmp/ccsJ2UrX.s:248    .text.OTG_FS_WKUP_IRQHandler:0000000000000000 $t
     /tmp/ccsJ2UrX.s:253    .text.OTG_FS_WKUP_IRQHandler:0000000000000000 OTG_FS_WKUP_IRQHandler
     /tmp/ccsJ2UrX.s:265    .text.OTG_FS_IRQHandler:0000000000000000 $t
     /tmp/ccsJ2UrX.s:270    .text.OTG_FS_IRQHandler:0000000000000000 OTG_FS_IRQHandler
                     .debug_frame:0000000000000010 $d

NO UNDEFINED SYMBOLS
